// Jest Snapshot v1, https://goo.gl/fbAQLP

exports[`HorizontalTimeline should render correctly with just date props 1`] = `ShallowWrapper {}`;
